grep: /etc/shadow: Permiso denegado
grep: /etc/ppp/chap-secrets: Permiso denegado
grep: /etc/ppp/pap-secrets: Permiso denegado
grep: /etc/polkit-1/rules.d: Permiso denegado
grep: /etc/polkit-1/localauthority: Permiso denegado
grep: /etc/gshadow: Permiso denegado
grep: /etc/wvdial.conf: Permiso denegado
grep: /etc/.pwd.lock: Permiso denegado
grep: /etc/sudoers.d/README: Permiso denegado
grep: /etc/sudoers.d/10-installer: Permiso denegado
grep: /etc/cups/subscriptions.conf.O: Permiso denegado
grep: /etc/cups/ssl: Permiso denegado
grep: /etc/cups/subscriptions.conf: Permiso denegado
grep: /etc/sudoers: Permiso denegado
grep: /etc/netplan/01-network-manager-all.yaml: Permiso denegado
grep: /etc/shadow-: Permiso denegado
grep: /etc/ssl/private: Permiso denegado
grep: /etc/fwupd/fwupd.conf: Permiso denegado
grep: /etc/security/opasswd: Permiso denegado
grep: /etc/initramfs-tools/conf.d/calamares-safe-initramfs.conf: Permiso denegado
grep: /etc/ufw/user6.rules: Permiso denegado
grep: /etc/ufw/before.rules: Permiso denegado
grep: /etc/ufw/after6.rules: Permiso denegado
grep: /etc/ufw/before.init: Permiso denegado
grep: /etc/ufw/after.rules: Permiso denegado
grep: /etc/ufw/after.init: Permiso denegado
grep: /etc/ufw/before6.rules: Permiso denegado
grep: /etc/ufw/user.rules: Permiso denegado
grep: /etc/ld.so.cache: coincidencia en fichero binario
grep: /etc/credstore.encrypted: Permiso denegado
grep: /etc/credstore: Permiso denegado
grep: /etc/gshadow-: Permiso denegado
